2026-04-15 14:41:05,398 | INFO | Starting data treating... This should not take a lot of time
2026-04-15 14:41:05,398 | INFO | Readed C:\Users\rodrigo.fsilva61\Documents\GitHub\nlp_training\textcat_training_data.csv!
2026-04-15 14:41:05,398 | ERROR | Couldn't treat the data: invalid literal for int() with base 10: 'start_computer'
2026-04-15 14:41:05,398 | ERROR | Failed to train the textcat model: cannot unpack non-iterable NoneType object
2026-04-15 14:41:50,985 | INFO | Starting data treating... This should not take a lot of time
2026-04-15 14:41:50,985 | INFO | Readed C:\Users\rodrigo.fsilva61\Documents\GitHub\nlp_training\textcat_training_data.csv!
2026-04-15 14:41:51,000 | ERROR | Couldn't treat the data: invalid literal for int() with base 10: 'start_computer'
2026-04-15 14:41:51,000 | ERROR | Failed to train the textcat model: cannot unpack non-iterable NoneType object
2026-04-15 14:42:13,720 | INFO | Starting data treating... This should not take a lot of time
2026-04-15 14:42:13,721 | INFO | Readed C:\Users\rodrigo.fsilva61\Documents\GitHub\nlp_training\textcat_training_data.csv!
2026-04-15 14:42:13,721 | ERROR | Couldn't treat the data: invalid literal for int() with base 10: 'start_computer'
2026-04-15 14:42:13,721 | ERROR | Failed to train the textcat model: cannot unpack non-iterable NoneType object
2026-04-15 14:45:38,205 | INFO | Starting data treating... This should not take a lot of time
2026-04-15 14:45:38,205 | INFO | Readed C:\Users\rodrigo.fsilva61\Documents\GitHub\nlp_training\textcat_training_data.csv!
2026-04-15 14:45:38,205 | ERROR | Failed to train the textcat model: cannot unpack non-iterable NoneType object
2026-04-15 14:46:20,774 | INFO | Starting data treating... This should not take a lot of time
2026-04-15 14:46:20,774 | DEBUG | Checking columns of the csv...
2026-04-15 14:46:20,774 | DEBUG | Trying to open C:\Users\rodrigo.fsilva61\Documents\GitHub\nlp_training\textcat_training_data.csv
2026-04-15 14:46:20,774 | INFO | Readed C:\Users\rodrigo.fsilva61\Documents\GitHub\nlp_training\textcat_training_data.csv!
2026-04-15 14:46:20,774 | DEBUG | Starting CSV treating...
2026-04-15 14:46:20,774 | DEBUG | Getting the label 0 out of 0
2026-04-15 14:46:20,774 | DEBUG | Getting the label 0 out of 0
2026-04-15 14:46:20,774 | DEBUG | Getting the label 0 out of 0
2026-04-15 14:46:20,779 | DEBUG | Getting the label 0 out of 0
2026-04-15 14:46:20,779 | DEBUG | Getting the label 0 out of 0
2026-04-15 14:46:20,779 | DEBUG | Getting the label 0 out of 0
2026-04-15 14:46:20,779 | DEBUG | Getting the label 0 out of 0
2026-04-15 14:46:20,779 | DEBUG | Getting the label 0 out of 0
2026-04-15 14:46:20,779 | DEBUG | Getting the label 0 out of 0
2026-04-15 14:46:20,779 | DEBUG | Getting the label 0 out of 0
2026-04-15 14:46:20,779 | DEBUG | Getting the label 0 out of 0
2026-04-15 14:46:20,779 | DEBUG | Getting the label 0 out of 0
2026-04-15 14:46:20,779 | DEBUG | Getting the label 0 out of 0
2026-04-15 14:46:20,779 | DEBUG | Getting the label 0 out of 0
2026-04-15 14:46:20,779 | DEBUG | Getting the label 0 out of 0
2026-04-15 14:46:20,779 | DEBUG | Getting the label 0 out of 0
2026-04-15 14:46:20,779 | DEBUG | Getting the label 0 out of 0
2026-04-15 14:46:20,779 | DEBUG | Getting the label 0 out of 0
2026-04-15 14:46:20,779 | DEBUG | Getting the label 0 out of 0
2026-04-15 14:46:20,779 | ERROR | Failed to train the textcat model: cannot unpack non-iterable NoneType object
2026-04-15 14:47:14,729 | INFO | Starting data treating... This should not take a lot of time
2026-04-15 14:47:14,729 | DEBUG | Checking columns of the csv...
2026-04-15 14:47:14,729 | DEBUG | Trying to open C:\Users\rodrigo.fsilva61\Documents\GitHub\nlp_training\textcat_training_data.csv
2026-04-15 14:47:14,729 | INFO | Readed C:\Users\rodrigo.fsilva61\Documents\GitHub\nlp_training\textcat_training_data.csv!
2026-04-15 14:47:14,729 | DEBUG | Starting CSV treating...
2026-04-15 14:47:14,729 | DEBUG | Getting the label 0 out of 0
2026-04-15 14:47:14,729 | ERROR | Couldn't treat the data: 'spacy.vocab.Vocab' object has no attribute 'make_doc'
2026-04-15 14:47:14,729 | ERROR | Failed to train the textcat model: cannot unpack non-iterable NoneType object
2026-04-15 14:47:45,112 | INFO | Starting data treating... This should not take a lot of time
2026-04-15 14:47:45,112 | DEBUG | Checking columns of the csv...
2026-04-15 14:47:45,112 | DEBUG | Trying to open C:\Users\rodrigo.fsilva61\Documents\GitHub\nlp_training\textcat_training_data.csv
2026-04-15 14:47:45,112 | INFO | Readed C:\Users\rodrigo.fsilva61\Documents\GitHub\nlp_training\textcat_training_data.csv!
2026-04-15 14:47:45,112 | DEBUG | Starting CSV treating...
2026-04-15 14:47:45,112 | DEBUG | First CSV line detected! Checking label number...
2026-04-15 14:47:45,112 | DEBUG | First CSV line detected! Checking label number...
2026-04-15 14:47:45,112 | ERROR | Couldn't treat the data: invalid literal for int() with base 10: 'start_computer'
2026-04-15 14:47:45,112 | ERROR | Failed to train the textcat model: cannot unpack non-iterable NoneType object
2026-04-15 14:48:23,485 | INFO | Starting data treating... This should not take a lot of time
2026-04-15 14:48:23,485 | DEBUG | Checking columns of the csv...
2026-04-15 14:48:23,485 | DEBUG | Trying to open C:\Users\rodrigo.fsilva61\Documents\GitHub\nlp_training\textcat_training_data.csv
2026-04-15 14:48:23,485 | INFO | Readed C:\Users\rodrigo.fsilva61\Documents\GitHub\nlp_training\textcat_training_data.csv!
2026-04-15 14:48:23,485 | DEBUG | Starting CSV treating...
2026-04-15 14:48:23,485 | DEBUG | First CSV line detected! Checking label number...
2026-04-15 14:48:23,485 | DEBUG | Getting the label 2 out of 2
2026-04-15 14:48:23,485 | ERROR | Couldn't treat the data: 'spacy.vocab.Vocab' object has no attribute 'make_doc'
2026-04-15 14:48:23,485 | ERROR | Failed to train the textcat model: cannot unpack non-iterable NoneType object
2026-04-15 14:48:43,363 | INFO | Starting data treating... This should not take a lot of time
2026-04-15 14:48:43,363 | DEBUG | Checking columns of the csv...
2026-04-15 14:48:43,363 | DEBUG | Trying to open C:\Users\rodrigo.fsilva61\Documents\GitHub\nlp_training\textcat_training_data.csv
2026-04-15 14:48:43,363 | INFO | Readed C:\Users\rodrigo.fsilva61\Documents\GitHub\nlp_training\textcat_training_data.csv!
2026-04-15 14:48:43,363 | DEBUG | Starting CSV treating...
2026-04-15 14:48:43,363 | DEBUG | First CSV line detected! Checking label number...
2026-04-15 14:48:43,363 | DEBUG | Getting the label 2 out of 2
2026-04-15 14:48:43,363 | ERROR | Couldn't treat the data: 
**********************************************************************
  Resource 'averaged_perceptron_tagger_eng' not found.
  Please use the NLTK Downloader to obtain the resource:

  >>> import nltk
  >>> nltk.download('averaged_perceptron_tagger_eng')

  For more information see: https://www.nltk.org/data.html

  Attempted to load 'taggers/averaged_perceptron_tagger_eng/'

  Searched in:
    - 'C:\\Users\\rodrigo.fsilva61/nltk_data'
    - 'C:\\Users\\rodrigo.fsilva61\\AppData\\Local\\Programs\\Python\\Python312\\nltk_data'
    - 'C:\\Users\\rodrigo.fsilva61\\AppData\\Local\\Programs\\Python\\Python312\\share\\nltk_data'
    - 'C:\\Users\\rodrigo.fsilva61\\AppData\\Local\\Programs\\Python\\Python312\\lib\\nltk_data'
    - 'C:\\Users\\rodrigo.fsilva61\\AppData\\Roaming\\nltk_data'
    - 'C:\\nltk_data'
    - 'D:\\nltk_data'
    - 'E:\\nltk_data'
**********************************************************************

2026-04-15 14:48:43,363 | ERROR | Failed to train the textcat model: cannot unpack non-iterable NoneType object
2026-04-15 14:50:16,733 | INFO | Starting model training. This can take a while depending of the model size...
2026-04-15 14:50:16,737 | INFO | Starting data treating... This should not take a lot of time
2026-04-15 14:50:16,737 | DEBUG | Checking columns of the csv...
2026-04-15 14:50:16,737 | DEBUG | Trying to open C:\Users\rodrigo.fsilva61\Documents\GitHub\nlp_training\textcat_training_data.csv
2026-04-15 14:50:16,737 | INFO | Readed C:\Users\rodrigo.fsilva61\Documents\GitHub\nlp_training\textcat_training_data.csv!
2026-04-15 14:50:16,737 | DEBUG | Starting CSV treating...
2026-04-15 14:50:16,737 | DEBUG | First CSV line detected! Checking label number...
2026-04-15 14:50:16,737 | DEBUG | Getting the label 2 out of 2
2026-04-15 14:50:16,737 | ERROR | Couldn't treat the data: 
**********************************************************************
  Resource 'averaged_perceptron_tagger_eng' not found.
  Please use the NLTK Downloader to obtain the resource:

  >>> import nltk
  >>> nltk.download('averaged_perceptron_tagger_eng')

  For more information see: https://www.nltk.org/data.html

  Attempted to load 'taggers/averaged_perceptron_tagger_eng/'

  Searched in:
    - 'C:\\Users\\rodrigo.fsilva61/nltk_data'
    - 'C:\\Users\\rodrigo.fsilva61\\AppData\\Local\\Programs\\Python\\Python312\\nltk_data'
    - 'C:\\Users\\rodrigo.fsilva61\\AppData\\Local\\Programs\\Python\\Python312\\share\\nltk_data'
    - 'C:\\Users\\rodrigo.fsilva61\\AppData\\Local\\Programs\\Python\\Python312\\lib\\nltk_data'
    - 'C:\\Users\\rodrigo.fsilva61\\AppData\\Roaming\\nltk_data'
    - 'C:\\nltk_data'
    - 'D:\\nltk_data'
    - 'E:\\nltk_data'
**********************************************************************

2026-04-15 14:50:16,737 | ERROR | Failed to train the textcat model: cannot unpack non-iterable NoneType object
2026-04-15 14:52:06,365 | INFO | Starting model training. This can take a while depending of the model size...
2026-04-15 14:52:06,367 | INFO | Starting data treating... This should not take a lot of time
2026-04-15 14:52:06,367 | DEBUG | Checking columns of the csv...
2026-04-15 14:52:06,367 | DEBUG | Trying to open C:\Users\rodrigo.fsilva61\Documents\GitHub\nlp_training\textcat_training_data.csv
2026-04-15 14:52:06,370 | INFO | Readed C:\Users\rodrigo.fsilva61\Documents\GitHub\nlp_training\textcat_training_data.csv!
2026-04-15 14:52:06,370 | DEBUG | Starting CSV treating...
2026-04-15 14:52:06,370 | DEBUG | First CSV line detected! Checking label number...
2026-04-15 14:52:06,370 | DEBUG | Getting the label 1 out of 2
2026-04-15 14:52:06,371 | DEBUG | Starting to fill cat_db...
2026-04-15 14:52:06,372 | ERROR | Couldn't treat the data: 
**********************************************************************
  Resource 'averaged_perceptron_tagger_eng' not found.
  Please use the NLTK Downloader to obtain the resource:

  >>> import nltk
  >>> nltk.download('averaged_perceptron_tagger_eng')

  For more information see: https://www.nltk.org/data.html

  Attempted to load 'taggers/averaged_perceptron_tagger_eng/'

  Searched in:
    - 'C:\\Users\\rodrigo.fsilva61/nltk_data'
    - 'C:\\Users\\rodrigo.fsilva61\\AppData\\Local\\Programs\\Python\\Python312\\nltk_data'
    - 'C:\\Users\\rodrigo.fsilva61\\AppData\\Local\\Programs\\Python\\Python312\\share\\nltk_data'
    - 'C:\\Users\\rodrigo.fsilva61\\AppData\\Local\\Programs\\Python\\Python312\\lib\\nltk_data'
    - 'C:\\Users\\rodrigo.fsilva61\\AppData\\Roaming\\nltk_data'
    - 'C:\\nltk_data'
    - 'D:\\nltk_data'
    - 'E:\\nltk_data'
**********************************************************************

2026-04-15 14:52:06,373 | ERROR | Failed to train the textcat model: cannot unpack non-iterable NoneType object
2026-04-15 14:53:01,915 | INFO | Starting model training. This can take a while depending of the model size...
2026-04-15 14:53:01,915 | INFO | Starting data treating... This should not take a lot of time
2026-04-15 14:53:01,915 | DEBUG | Checking columns of the csv...
2026-04-15 14:53:01,915 | DEBUG | Trying to open C:\Users\rodrigo.fsilva61\Documents\GitHub\nlp_training\textcat_training_data.csv
2026-04-15 14:53:01,915 | INFO | Readed C:\Users\rodrigo.fsilva61\Documents\GitHub\nlp_training\textcat_training_data.csv!
2026-04-15 14:53:01,915 | DEBUG | Starting CSV treating...
2026-04-15 14:53:01,915 | DEBUG | First CSV line detected! Checking label number...
2026-04-15 14:53:01,915 | DEBUG | Getting the label 1 out of 2
2026-04-15 14:53:01,915 | DEBUG | Getting the label 2 out of 2
2026-04-15 14:53:01,915 | DEBUG | Starting to fill cat_db...
2026-04-15 14:53:01,926 | ERROR | Couldn't treat the data: 
**********************************************************************
  Resource 'averaged_perceptron_tagger_eng' not found.
  Please use the NLTK Downloader to obtain the resource:

  >>> import nltk
  >>> nltk.download('averaged_perceptron_tagger_eng')

  For more information see: https://www.nltk.org/data.html

  Attempted to load 'taggers/averaged_perceptron_tagger_eng/'

  Searched in:
    - 'C:\\Users\\rodrigo.fsilva61/nltk_data'
    - 'C:\\Users\\rodrigo.fsilva61\\AppData\\Local\\Programs\\Python\\Python312\\nltk_data'
    - 'C:\\Users\\rodrigo.fsilva61\\AppData\\Local\\Programs\\Python\\Python312\\share\\nltk_data'
    - 'C:\\Users\\rodrigo.fsilva61\\AppData\\Local\\Programs\\Python\\Python312\\lib\\nltk_data'
    - 'C:\\Users\\rodrigo.fsilva61\\AppData\\Roaming\\nltk_data'
    - 'C:\\nltk_data'
    - 'D:\\nltk_data'
    - 'E:\\nltk_data'
**********************************************************************

2026-04-15 14:53:01,926 | ERROR | Failed to train the textcat model: cannot unpack non-iterable NoneType object
2026-04-15 15:00:43,933 | INFO | Starting model training. This can take a while depending of the model size...
2026-04-15 15:00:43,933 | INFO | Starting data treating... This should not take a lot of time
2026-04-15 15:00:43,933 | DEBUG | Checking columns of the csv...
2026-04-15 15:00:43,933 | DEBUG | Trying to open C:\Users\rodrigo.fsilva61\Documents\GitHub\nlp_training\textcat_training_data.csv
2026-04-15 15:00:43,933 | INFO | Readed C:\Users\rodrigo.fsilva61\Documents\GitHub\nlp_training\textcat_training_data.csv!
2026-04-15 15:00:43,933 | DEBUG | Starting CSV treating...
2026-04-15 15:00:43,933 | DEBUG | First CSV line detected! Checking label number...
2026-04-15 15:00:43,933 | DEBUG | Getting the label 1 out of 2
2026-04-15 15:00:43,933 | DEBUG | Getting the label 2 out of 2
2026-04-15 15:00:43,933 | DEBUG | Starting to fill cat_db...
2026-04-15 15:00:43,939 | DEBUG | Making doc for unagumented phrase number {}
2026-04-15 15:00:44,000 | ERROR | Failed to train the textcat model: list expected at most 1 argument, got 2
2026-04-15 15:02:52,693 | INFO | Starting model training. This can take a while depending of the model size...
2026-04-15 15:02:52,695 | INFO | Starting data treating... This should not take a lot of time
2026-04-15 15:02:52,695 | DEBUG | Checking columns of the csv...
2026-04-15 15:02:52,695 | DEBUG | Trying to open C:\Users\rodrigo.fsilva61\Documents\GitHub\nlp_training\textcat_training_data.csv
2026-04-15 15:02:52,695 | INFO | Readed C:\Users\rodrigo.fsilva61\Documents\GitHub\nlp_training\textcat_training_data.csv!
2026-04-15 15:02:52,695 | DEBUG | Starting CSV treating...
2026-04-15 15:02:52,695 | DEBUG | First CSV line detected! Checking label number...
2026-04-15 15:02:52,695 | DEBUG | Getting the label 1 out of 2
2026-04-15 15:02:52,695 | DEBUG | Getting the label 2 out of 2
2026-04-15 15:02:52,695 | DEBUG | Starting to fill cat_db...
2026-04-15 15:02:52,695 | DEBUG | Making doc for unagumented phrase
2026-04-15 15:02:52,701 | DEBUG | Putting labels on the row...
2026-04-15 15:02:52,701 | DEBUG | Making doc for unagumented phrase
2026-04-15 15:02:52,763 | DEBUG | Putting labels on the row...
2026-04-15 15:02:52,763 | ERROR | Failed to train the textcat model: list expected at most 1 argument, got 2
2026-04-15 15:06:49,762 | INFO | Starting model training. This can take a while depending of the model size...
2026-04-15 15:06:49,767 | INFO | Starting data treating... This should not take a lot of time
2026-04-15 15:06:49,767 | DEBUG | Checking columns of the csv...
2026-04-15 15:06:49,767 | DEBUG | Trying to open C:\Users\rodrigo.fsilva61\Documents\GitHub\nlp_training\textcat_training_data.csv
2026-04-15 15:06:49,769 | INFO | Readed C:\Users\rodrigo.fsilva61\Documents\GitHub\nlp_training\textcat_training_data.csv!
2026-04-15 15:06:49,769 | DEBUG | Starting CSV treating...
2026-04-15 15:06:49,769 | DEBUG | First CSV line detected! Checking label number...
2026-04-15 15:06:49,770 | DEBUG | Getting the label 1 out of 2
2026-04-15 15:06:49,770 | DEBUG | Getting the label 2 out of 2
2026-04-15 15:06:49,770 | DEBUG | Starting to fill cat_db...
2026-04-15 15:06:49,770 | DEBUG | Making doc for unagumented phrase
2026-04-15 15:06:49,770 | DEBUG | Putting labels on the row...
2026-04-15 15:06:49,770 | DEBUG | Making doc for unagumented phrase
2026-04-15 15:06:49,828 | DEBUG | Putting labels on the row...
2026-04-15 15:06:49,828 | DEBUG | Starting to fill cat_db...
2026-04-15 15:06:49,828 | DEBUG | Making doc for unagumented phrase
2026-04-15 15:06:49,828 | DEBUG | Putting labels on the row...
2026-04-15 15:06:49,828 | DEBUG | Making doc for unagumented phrase
2026-04-15 15:06:49,834 | DEBUG | Putting labels on the row...
2026-04-15 15:06:49,834 | DEBUG | Starting to fill cat_db...
2026-04-15 15:06:49,834 | DEBUG | Making doc for unagumented phrase
2026-04-15 15:06:49,834 | DEBUG | Putting labels on the row...
2026-04-15 15:06:49,837 | DEBUG | Making doc for unagumented phrase
2026-04-15 15:06:49,837 | DEBUG | Putting labels on the row...
2026-04-15 15:06:49,838 | DEBUG | Starting to fill cat_db...
2026-04-15 15:06:49,838 | DEBUG | Making doc for unagumented phrase
2026-04-15 15:06:49,838 | DEBUG | Putting labels on the row...
2026-04-15 15:06:49,838 | DEBUG | Making doc for unagumented phrase
2026-04-15 15:06:49,838 | DEBUG | Putting labels on the row...
2026-04-15 15:06:49,838 | DEBUG | Starting to fill cat_db...
2026-04-15 15:06:49,838 | DEBUG | Making doc for unagumented phrase
2026-04-15 15:06:49,839 | DEBUG | Putting labels on the row...
2026-04-15 15:06:49,839 | DEBUG | Making doc for unagumented phrase
2026-04-15 15:06:49,839 | DEBUG | Putting labels on the row...
2026-04-15 15:06:49,839 | DEBUG | Starting to fill cat_db...
2026-04-15 15:06:49,839 | DEBUG | Making doc for unagumented phrase
2026-04-15 15:06:49,839 | DEBUG | Putting labels on the row...
2026-04-15 15:06:49,839 | DEBUG | Making doc for unagumented phrase
2026-04-15 15:06:49,840 | DEBUG | Putting labels on the row...
2026-04-15 15:06:49,840 | DEBUG | Starting to fill cat_db...
2026-04-15 15:06:49,840 | DEBUG | Making doc for unagumented phrase
2026-04-15 15:06:49,840 | DEBUG | Putting labels on the row...
2026-04-15 15:06:49,840 | DEBUG | Making doc for unagumented phrase
2026-04-15 15:06:49,840 | DEBUG | Putting labels on the row...
2026-04-15 15:06:49,841 | DEBUG | Starting to fill cat_db...
2026-04-15 15:06:49,841 | DEBUG | Making doc for unagumented phrase
2026-04-15 15:06:49,841 | DEBUG | Putting labels on the row...
2026-04-15 15:06:49,841 | DEBUG | Making doc for unagumented phrase
2026-04-15 15:06:49,841 | DEBUG | Putting labels on the row...
2026-04-15 15:06:49,841 | DEBUG | Starting to fill cat_db...
2026-04-15 15:06:49,841 | DEBUG | Making doc for unagumented phrase
2026-04-15 15:06:49,841 | DEBUG | Putting labels on the row...
2026-04-15 15:06:49,841 | DEBUG | Making doc for unagumented phrase
2026-04-15 15:06:49,842 | DEBUG | Putting labels on the row...
2026-04-15 15:06:49,842 | DEBUG | Starting to fill cat_db...
2026-04-15 15:06:49,842 | DEBUG | Making doc for unagumented phrase
2026-04-15 15:06:49,842 | DEBUG | Putting labels on the row...
2026-04-15 15:06:49,843 | DEBUG | Making doc for unagumented phrase
2026-04-15 15:06:49,844 | DEBUG | Putting labels on the row...
2026-04-15 15:06:49,844 | DEBUG | Starting to fill cat_db...
2026-04-15 15:06:49,844 | DEBUG | Making doc for unagumented phrase
2026-04-15 15:06:49,844 | DEBUG | Putting labels on the row...
2026-04-15 15:06:49,844 | DEBUG | Making doc for unagumented phrase
2026-04-15 15:06:49,844 | DEBUG | Putting labels on the row...
2026-04-15 15:06:49,844 | DEBUG | Starting to fill cat_db...
2026-04-15 15:06:49,844 | DEBUG | Making doc for unagumented phrase
2026-04-15 15:06:49,845 | DEBUG | Putting labels on the row...
2026-04-15 15:06:49,845 | DEBUG | Making doc for unagumented phrase
2026-04-15 15:06:49,845 | DEBUG | Putting labels on the row...
2026-04-15 15:06:49,845 | DEBUG | Starting to fill cat_db...
2026-04-15 15:06:49,845 | DEBUG | Making doc for unagumented phrase
2026-04-15 15:06:49,845 | DEBUG | Putting labels on the row...
2026-04-15 15:06:49,846 | DEBUG | Making doc for unagumented phrase
2026-04-15 15:06:49,846 | DEBUG | Putting labels on the row...
2026-04-15 15:06:49,846 | DEBUG | Starting to fill cat_db...
2026-04-15 15:06:49,846 | DEBUG | Making doc for unagumented phrase
2026-04-15 15:06:49,846 | DEBUG | Putting labels on the row...
2026-04-15 15:06:49,846 | DEBUG | Making doc for unagumented phrase
2026-04-15 15:06:49,847 | DEBUG | Putting labels on the row...
2026-04-15 15:06:49,847 | DEBUG | Starting to fill cat_db...
2026-04-15 15:06:49,847 | DEBUG | Making doc for unagumented phrase
2026-04-15 15:06:49,848 | DEBUG | Putting labels on the row...
2026-04-15 15:06:49,848 | DEBUG | Making doc for unagumented phrase
2026-04-15 15:06:49,848 | DEBUG | Putting labels on the row...
2026-04-15 15:06:49,848 | DEBUG | Starting to fill cat_db...
2026-04-15 15:06:49,848 | DEBUG | Making doc for unagumented phrase
2026-04-15 15:06:49,848 | DEBUG | Putting labels on the row...
2026-04-15 15:06:49,848 | DEBUG | Making doc for unagumented phrase
2026-04-15 15:06:49,848 | DEBUG | Putting labels on the row...
2026-04-15 15:06:49,848 | ERROR | Failed to train the textcat model: list expected at most 1 argument, got 2
2026-04-15 15:11:47,236 | INFO | Starting model training. This can take a while depending of the model size...
2026-04-15 15:11:47,248 | INFO | Starting data treating... This should not take a lot of time
2026-04-15 15:11:47,248 | DEBUG | Checking columns of the csv...
2026-04-15 15:11:47,248 | DEBUG | Trying to open C:\Users\rodrigo.fsilva61\Documents\GitHub\nlp_training\textcat_training_data.csv
2026-04-15 15:11:47,248 | INFO | Readed C:\Users\rodrigo.fsilva61\Documents\GitHub\nlp_training\textcat_training_data.csv!
2026-04-15 15:11:47,248 | DEBUG | Starting CSV treating...
2026-04-15 15:11:47,248 | DEBUG | First CSV line detected! Checking label number...
2026-04-15 15:11:47,248 | DEBUG | Getting the label 1 out of 2
2026-04-15 15:11:47,248 | DEBUG | Getting the label 2 out of 2
2026-04-15 15:11:47,248 | DEBUG | Starting to fill cat_db...
2026-04-15 15:11:47,248 | DEBUG | Making doc for unagumented phrase
2026-04-15 15:11:47,253 | DEBUG | Putting labels on the row...
2026-04-15 15:11:47,253 | DEBUG | Making doc for unagumented phrase
2026-04-15 15:11:47,314 | DEBUG | Putting labels on the row...
2026-04-15 15:11:47,314 | DEBUG | Starting to fill cat_db...
2026-04-15 15:11:47,314 | DEBUG | Making doc for unagumented phrase
2026-04-15 15:11:47,314 | DEBUG | Putting labels on the row...
2026-04-15 15:11:47,314 | DEBUG | Making doc for unagumented phrase
2026-04-15 15:11:47,315 | DEBUG | Putting labels on the row...
2026-04-15 15:11:47,315 | DEBUG | Starting to fill cat_db...
2026-04-15 15:11:47,315 | DEBUG | Making doc for unagumented phrase
2026-04-15 15:11:47,315 | DEBUG | Putting labels on the row...
2026-04-15 15:11:47,315 | DEBUG | Making doc for unagumented phrase
2026-04-15 15:11:47,316 | DEBUG | Putting labels on the row...
2026-04-15 15:11:47,316 | DEBUG | Starting to fill cat_db...
2026-04-15 15:11:47,316 | DEBUG | Making doc for unagumented phrase
2026-04-15 15:11:47,316 | DEBUG | Putting labels on the row...
2026-04-15 15:11:47,316 | DEBUG | Making doc for unagumented phrase
2026-04-15 15:11:47,317 | DEBUG | Putting labels on the row...
2026-04-15 15:11:47,317 | DEBUG | Starting to fill cat_db...
2026-04-15 15:11:47,317 | DEBUG | Making doc for unagumented phrase
2026-04-15 15:11:47,317 | DEBUG | Putting labels on the row...
2026-04-15 15:11:47,317 | DEBUG | Making doc for unagumented phrase
2026-04-15 15:11:47,317 | DEBUG | Putting labels on the row...
2026-04-15 15:11:47,317 | DEBUG | Starting to fill cat_db...
2026-04-15 15:11:47,317 | DEBUG | Making doc for unagumented phrase
2026-04-15 15:11:47,318 | DEBUG | Putting labels on the row...
2026-04-15 15:11:47,318 | DEBUG | Making doc for unagumented phrase
2026-04-15 15:11:47,322 | DEBUG | Putting labels on the row...
2026-04-15 15:11:47,322 | DEBUG | Starting to fill cat_db...
2026-04-15 15:11:47,322 | DEBUG | Making doc for unagumented phrase
2026-04-15 15:11:47,322 | DEBUG | Putting labels on the row...
2026-04-15 15:11:47,322 | DEBUG | Making doc for unagumented phrase
2026-04-15 15:11:47,323 | DEBUG | Putting labels on the row...
2026-04-15 15:11:47,323 | DEBUG | Starting to fill cat_db...
2026-04-15 15:11:47,323 | DEBUG | Making doc for unagumented phrase
2026-04-15 15:11:47,323 | DEBUG | Putting labels on the row...
2026-04-15 15:11:47,323 | DEBUG | Making doc for unagumented phrase
2026-04-15 15:11:47,324 | DEBUG | Putting labels on the row...
2026-04-15 15:11:47,324 | DEBUG | Starting to fill cat_db...
2026-04-15 15:11:47,324 | DEBUG | Making doc for unagumented phrase
2026-04-15 15:11:47,324 | DEBUG | Putting labels on the row...
2026-04-15 15:11:47,324 | DEBUG | Making doc for unagumented phrase
2026-04-15 15:11:47,324 | DEBUG | Putting labels on the row...
2026-04-15 15:11:47,324 | DEBUG | Starting to fill cat_db...
2026-04-15 15:11:47,324 | DEBUG | Making doc for unagumented phrase
2026-04-15 15:11:47,324 | DEBUG | Putting labels on the row...
2026-04-15 15:11:47,324 | DEBUG | Making doc for unagumented phrase
2026-04-15 15:11:47,325 | DEBUG | Putting labels on the row...
2026-04-15 15:11:47,325 | DEBUG | Starting to fill cat_db...
2026-04-15 15:11:47,325 | DEBUG | Making doc for unagumented phrase
2026-04-15 15:11:47,325 | DEBUG | Putting labels on the row...
2026-04-15 15:11:47,325 | DEBUG | Making doc for unagumented phrase
2026-04-15 15:11:47,325 | DEBUG | Putting labels on the row...
2026-04-15 15:11:47,325 | DEBUG | Starting to fill cat_db...
2026-04-15 15:11:47,325 | DEBUG | Making doc for unagumented phrase
2026-04-15 15:11:47,326 | DEBUG | Putting labels on the row...
2026-04-15 15:11:47,326 | DEBUG | Making doc for unagumented phrase
2026-04-15 15:11:47,326 | DEBUG | Putting labels on the row...
2026-04-15 15:11:47,326 | DEBUG | Starting to fill cat_db...
2026-04-15 15:11:47,326 | DEBUG | Making doc for unagumented phrase
2026-04-15 15:11:47,326 | DEBUG | Putting labels on the row...
2026-04-15 15:11:47,326 | DEBUG | Making doc for unagumented phrase
2026-04-15 15:11:47,327 | DEBUG | Putting labels on the row...
2026-04-15 15:11:47,327 | DEBUG | Starting to fill cat_db...
2026-04-15 15:11:47,327 | DEBUG | Making doc for unagumented phrase
2026-04-15 15:11:47,328 | DEBUG | Putting labels on the row...
2026-04-15 15:11:47,328 | DEBUG | Making doc for unagumented phrase
2026-04-15 15:11:47,328 | DEBUG | Putting labels on the row...
2026-04-15 15:11:47,328 | DEBUG | Starting to fill cat_db...
2026-04-15 15:11:47,328 | DEBUG | Making doc for unagumented phrase
2026-04-15 15:11:47,328 | DEBUG | Putting labels on the row...
2026-04-15 15:11:47,328 | DEBUG | Making doc for unagumented phrase
2026-04-15 15:11:47,328 | DEBUG | Putting labels on the row...
2026-04-15 15:11:47,328 | DEBUG | Starting to fill cat_db...
2026-04-15 15:11:47,328 | DEBUG | Making doc for unagumented phrase
2026-04-15 15:11:47,328 | DEBUG | Putting labels on the row...
2026-04-15 15:11:47,330 | DEBUG | Making doc for unagumented phrase
2026-04-15 15:11:47,330 | DEBUG | Putting labels on the row...
2026-04-15 15:11:47,330 | ERROR | Failed to train the textcat model: list expected at most 1 argument, got 2
2026-04-15 15:12:40,391 | INFO | Starting model training. This can take a while depending of the model size...
2026-04-15 15:12:40,391 | INFO | Starting data treating... This should not take a lot of time
2026-04-15 15:12:40,391 | DEBUG | Checking columns of the csv...
2026-04-15 15:12:40,391 | DEBUG | Trying to open C:\Users\rodrigo.fsilva61\Documents\GitHub\nlp_training\textcat_training_data.csv
2026-04-15 15:12:40,391 | INFO | Readed C:\Users\rodrigo.fsilva61\Documents\GitHub\nlp_training\textcat_training_data.csv!
2026-04-15 15:12:40,391 | DEBUG | Starting CSV treating...
2026-04-15 15:12:40,391 | DEBUG | First CSV line detected! Checking label number...
2026-04-15 15:12:40,391 | DEBUG | Getting the label 1 out of 2
2026-04-15 15:12:40,391 | DEBUG | Getting the label 2 out of 2
2026-04-15 15:12:40,391 | DEBUG | Starting to fill cat_db...
2026-04-15 15:12:40,391 | DEBUG | Making doc for unagumented phrase
2026-04-15 15:12:40,391 | DEBUG | Putting labels on the row...
2026-04-15 15:12:40,391 | DEBUG | Making doc for agumented phrase
2026-04-15 15:12:40,459 | DEBUG | Putting labels on the row...
2026-04-15 15:12:40,459 | DEBUG | Starting to fill cat_db...
2026-04-15 15:12:40,463 | DEBUG | Making doc for unagumented phrase
2026-04-15 15:12:40,463 | DEBUG | Putting labels on the row...
2026-04-15 15:12:40,463 | DEBUG | Making doc for agumented phrase
2026-04-15 15:12:40,467 | DEBUG | Putting labels on the row...
2026-04-15 15:12:40,467 | DEBUG | Starting to fill cat_db...
2026-04-15 15:12:40,467 | DEBUG | Making doc for unagumented phrase
2026-04-15 15:12:40,467 | DEBUG | Putting labels on the row...
2026-04-15 15:12:40,468 | DEBUG | Making doc for agumented phrase
2026-04-15 15:12:40,468 | DEBUG | Putting labels on the row...
2026-04-15 15:12:40,468 | DEBUG | Starting to fill cat_db...
2026-04-15 15:12:40,469 | DEBUG | Making doc for unagumented phrase
2026-04-15 15:12:40,469 | DEBUG | Putting labels on the row...
2026-04-15 15:12:40,469 | DEBUG | Making doc for agumented phrase
2026-04-15 15:12:40,470 | DEBUG | Putting labels on the row...
2026-04-15 15:12:40,470 | DEBUG | Starting to fill cat_db...
2026-04-15 15:12:40,470 | DEBUG | Making doc for unagumented phrase
2026-04-15 15:12:40,470 | DEBUG | Putting labels on the row...
2026-04-15 15:12:40,470 | DEBUG | Making doc for agumented phrase
2026-04-15 15:12:40,471 | DEBUG | Putting labels on the row...
2026-04-15 15:12:40,471 | DEBUG | Starting to fill cat_db...
2026-04-15 15:12:40,471 | DEBUG | Making doc for unagumented phrase
2026-04-15 15:12:40,471 | DEBUG | Putting labels on the row...
2026-04-15 15:12:40,471 | DEBUG | Making doc for agumented phrase
2026-04-15 15:12:40,471 | DEBUG | Putting labels on the row...
2026-04-15 15:12:40,472 | DEBUG | Starting to fill cat_db...
2026-04-15 15:12:40,472 | DEBUG | Making doc for unagumented phrase
2026-04-15 15:12:40,472 | DEBUG | Putting labels on the row...
2026-04-15 15:12:40,472 | DEBUG | Making doc for agumented phrase
2026-04-15 15:12:40,472 | DEBUG | Putting labels on the row...
2026-04-15 15:12:40,472 | DEBUG | Starting to fill cat_db...
2026-04-15 15:12:40,472 | DEBUG | Making doc for unagumented phrase
2026-04-15 15:12:40,473 | DEBUG | Putting labels on the row...
2026-04-15 15:12:40,473 | DEBUG | Making doc for agumented phrase
2026-04-15 15:12:40,473 | DEBUG | Putting labels on the row...
2026-04-15 15:12:40,473 | DEBUG | Starting to fill cat_db...
2026-04-15 15:12:40,473 | DEBUG | Making doc for unagumented phrase
2026-04-15 15:12:40,473 | DEBUG | Putting labels on the row...
2026-04-15 15:12:40,473 | DEBUG | Making doc for agumented phrase
2026-04-15 15:12:40,473 | DEBUG | Putting labels on the row...
2026-04-15 15:12:40,473 | DEBUG | Starting to fill cat_db...
2026-04-15 15:12:40,473 | DEBUG | Making doc for unagumented phrase
2026-04-15 15:12:40,473 | DEBUG | Putting labels on the row...
2026-04-15 15:12:40,473 | DEBUG | Making doc for agumented phrase
2026-04-15 15:12:40,473 | DEBUG | Putting labels on the row...
2026-04-15 15:12:40,473 | DEBUG | Starting to fill cat_db...
2026-04-15 15:12:40,473 | DEBUG | Making doc for unagumented phrase
2026-04-15 15:12:40,473 | DEBUG | Putting labels on the row...
2026-04-15 15:12:40,473 | DEBUG | Making doc for agumented phrase
2026-04-15 15:12:40,473 | DEBUG | Putting labels on the row...
2026-04-15 15:12:40,473 | DEBUG | Starting to fill cat_db...
2026-04-15 15:12:40,473 | DEBUG | Making doc for unagumented phrase
2026-04-15 15:12:40,473 | DEBUG | Putting labels on the row...
2026-04-15 15:12:40,473 | DEBUG | Making doc for agumented phrase
2026-04-15 15:12:40,473 | DEBUG | Putting labels on the row...
2026-04-15 15:12:40,473 | DEBUG | Starting to fill cat_db...
2026-04-15 15:12:40,473 | DEBUG | Making doc for unagumented phrase
2026-04-15 15:12:40,473 | DEBUG | Putting labels on the row...
2026-04-15 15:12:40,473 | DEBUG | Making doc for agumented phrase
2026-04-15 15:12:40,473 | DEBUG | Putting labels on the row...
2026-04-15 15:12:40,473 | DEBUG | Starting to fill cat_db...
2026-04-15 15:12:40,473 | DEBUG | Making doc for unagumented phrase
2026-04-15 15:12:40,473 | DEBUG | Putting labels on the row...
2026-04-15 15:12:40,473 | DEBUG | Making doc for agumented phrase
2026-04-15 15:12:40,473 | DEBUG | Putting labels on the row...
2026-04-15 15:12:40,473 | DEBUG | Starting to fill cat_db...
2026-04-15 15:12:40,473 | DEBUG | Making doc for unagumented phrase
2026-04-15 15:12:40,473 | DEBUG | Putting labels on the row...
2026-04-15 15:12:40,473 | DEBUG | Making doc for agumented phrase
2026-04-15 15:12:40,479 | DEBUG | Putting labels on the row...
2026-04-15 15:12:40,479 | DEBUG | Starting to fill cat_db...
2026-04-15 15:12:40,479 | DEBUG | Making doc for unagumented phrase
2026-04-15 15:12:40,479 | DEBUG | Putting labels on the row...
2026-04-15 15:12:40,479 | DEBUG | Making doc for agumented phrase
2026-04-15 15:12:40,479 | DEBUG | Putting labels on the row...
2026-04-15 15:12:40,479 | ERROR | Failed to train the textcat model: list expected at most 1 argument, got 2
2026-04-15 15:13:17,652 | INFO | Starting model training. This can take a while depending of the model size...
2026-04-15 15:13:17,654 | INFO | Starting data treating... This should not take a lot of time
2026-04-15 15:13:17,654 | DEBUG | Checking columns of the csv...
2026-04-15 15:13:17,654 | DEBUG | Trying to open C:\Users\rodrigo.fsilva61\Documents\GitHub\nlp_training\textcat_training_data.csv
2026-04-15 15:13:17,660 | INFO | Readed C:\Users\rodrigo.fsilva61\Documents\GitHub\nlp_training\textcat_training_data.csv!
2026-04-15 15:13:17,660 | DEBUG | Starting CSV treating...
2026-04-15 15:13:17,660 | DEBUG | First CSV line detected! Checking label number...
2026-04-15 15:13:17,660 | DEBUG | Getting the label 1 out of 2
2026-04-15 15:13:17,660 | DEBUG | Getting the label 2 out of 2
2026-04-15 15:13:17,661 | DEBUG | Starting to fill cat_db...
2026-04-15 15:13:17,661 | DEBUG | Making doc for unagumented phrase
2026-04-15 15:13:17,661 | DEBUG | Putting labels on the row...
2026-04-15 15:13:17,661 | DEBUG | Making doc for agumented phrase
2026-04-15 15:13:17,722 | DEBUG | Putting labels on the row...
2026-04-15 15:13:17,722 | DEBUG | Starting to fill cat_db...
2026-04-15 15:13:17,722 | DEBUG | Making doc for unagumented phrase
2026-04-15 15:13:17,723 | DEBUG | Putting labels on the row...
2026-04-15 15:13:17,723 | DEBUG | Making doc for agumented phrase
2026-04-15 15:13:17,726 | DEBUG | Putting labels on the row...
2026-04-15 15:13:17,726 | DEBUG | Starting to fill cat_db...
2026-04-15 15:13:17,727 | DEBUG | Making doc for unagumented phrase
2026-04-15 15:13:17,727 | DEBUG | Putting labels on the row...
2026-04-15 15:13:17,727 | DEBUG | Making doc for agumented phrase
2026-04-15 15:13:17,729 | DEBUG | Putting labels on the row...
2026-04-15 15:13:17,729 | DEBUG | Starting to fill cat_db...
2026-04-15 15:13:17,729 | DEBUG | Making doc for unagumented phrase
2026-04-15 15:13:17,729 | DEBUG | Putting labels on the row...
2026-04-15 15:13:17,729 | DEBUG | Making doc for agumented phrase
2026-04-15 15:13:17,730 | DEBUG | Putting labels on the row...
2026-04-15 15:13:17,730 | DEBUG | Starting to fill cat_db...
2026-04-15 15:13:17,730 | DEBUG | Making doc for unagumented phrase
2026-04-15 15:13:17,730 | DEBUG | Putting labels on the row...
2026-04-15 15:13:17,730 | DEBUG | Making doc for agumented phrase
2026-04-15 15:13:17,732 | DEBUG | Putting labels on the row...
2026-04-15 15:13:17,732 | DEBUG | Starting to fill cat_db...
2026-04-15 15:13:17,732 | DEBUG | Making doc for unagumented phrase
2026-04-15 15:13:17,732 | DEBUG | Putting labels on the row...
2026-04-15 15:13:17,732 | DEBUG | Making doc for agumented phrase
2026-04-15 15:13:17,732 | DEBUG | Putting labels on the row...
2026-04-15 15:13:17,733 | DEBUG | Starting to fill cat_db...
2026-04-15 15:13:17,733 | DEBUG | Making doc for unagumented phrase
2026-04-15 15:13:17,733 | DEBUG | Putting labels on the row...
2026-04-15 15:13:17,733 | DEBUG | Making doc for agumented phrase
2026-04-15 15:13:17,733 | DEBUG | Putting labels on the row...
2026-04-15 15:13:17,733 | DEBUG | Starting to fill cat_db...
2026-04-15 15:13:17,733 | DEBUG | Making doc for unagumented phrase
2026-04-15 15:13:17,733 | DEBUG | Putting labels on the row...
2026-04-15 15:13:17,733 | DEBUG | Making doc for agumented phrase
2026-04-15 15:13:17,734 | DEBUG | Putting labels on the row...
2026-04-15 15:13:17,734 | DEBUG | Starting to fill cat_db...
2026-04-15 15:13:17,734 | DEBUG | Making doc for unagumented phrase
2026-04-15 15:13:17,734 | DEBUG | Putting labels on the row...
2026-04-15 15:13:17,734 | DEBUG | Making doc for agumented phrase
2026-04-15 15:13:17,734 | DEBUG | Putting labels on the row...
2026-04-15 15:13:17,734 | DEBUG | Starting to fill cat_db...
2026-04-15 15:13:17,734 | DEBUG | Making doc for unagumented phrase
2026-04-15 15:13:17,734 | DEBUG | Putting labels on the row...
2026-04-15 15:13:17,734 | DEBUG | Making doc for agumented phrase
2026-04-15 15:13:17,734 | DEBUG | Putting labels on the row...
2026-04-15 15:13:17,734 | DEBUG | Starting to fill cat_db...
2026-04-15 15:13:17,734 | DEBUG | Making doc for unagumented phrase
2026-04-15 15:13:17,734 | DEBUG | Putting labels on the row...
2026-04-15 15:13:17,734 | DEBUG | Making doc for agumented phrase
2026-04-15 15:13:17,736 | DEBUG | Putting labels on the row...
2026-04-15 15:13:17,736 | DEBUG | Starting to fill cat_db...
2026-04-15 15:13:17,736 | DEBUG | Making doc for unagumented phrase
2026-04-15 15:13:17,736 | DEBUG | Putting labels on the row...
2026-04-15 15:13:17,736 | DEBUG | Making doc for agumented phrase
2026-04-15 15:13:17,736 | DEBUG | Putting labels on the row...
2026-04-15 15:13:17,738 | DEBUG | Starting to fill cat_db...
2026-04-15 15:13:17,738 | DEBUG | Making doc for unagumented phrase
2026-04-15 15:13:17,738 | DEBUG | Putting labels on the row...
2026-04-15 15:13:17,738 | DEBUG | Making doc for agumented phrase
2026-04-15 15:13:17,738 | DEBUG | Putting labels on the row...
2026-04-15 15:13:17,738 | DEBUG | Starting to fill cat_db...
2026-04-15 15:13:17,739 | DEBUG | Making doc for unagumented phrase
2026-04-15 15:13:17,739 | DEBUG | Putting labels on the row...
2026-04-15 15:13:17,739 | DEBUG | Making doc for agumented phrase
2026-04-15 15:13:17,739 | DEBUG | Putting labels on the row...
2026-04-15 15:13:17,740 | DEBUG | Starting to fill cat_db...
2026-04-15 15:13:17,740 | DEBUG | Making doc for unagumented phrase
2026-04-15 15:13:17,740 | DEBUG | Putting labels on the row...
2026-04-15 15:13:17,740 | DEBUG | Making doc for agumented phrase
2026-04-15 15:13:17,740 | DEBUG | Putting labels on the row...
2026-04-15 15:13:17,740 | DEBUG | Starting to fill cat_db...
2026-04-15 15:13:17,740 | DEBUG | Making doc for unagumented phrase
2026-04-15 15:13:17,740 | DEBUG | Putting labels on the row...
2026-04-15 15:13:17,740 | DEBUG | Making doc for agumented phrase
2026-04-15 15:13:17,741 | DEBUG | Putting labels on the row...
2026-04-15 15:13:17,741 | INFO | Data treated! Returning gattered data...
2026-04-15 15:13:17,741 | ERROR | Failed to train the textcat model: list expected at most 1 argument, got 2
2026-04-15 15:18:35,438 | DEBUG | Starting model training function.
2026-04-15 15:18:35,449 | INFO | Starting data treating... This should not take a lot of time
2026-04-15 15:18:35,449 | DEBUG | Checking columns of the csv...
2026-04-15 15:18:35,449 | DEBUG | Trying to open C:\Users\rodrigo.fsilva61\Documents\GitHub\nlp_training\textcat_training_data.csv
2026-04-15 15:18:35,449 | INFO | Readed C:\Users\rodrigo.fsilva61\Documents\GitHub\nlp_training\textcat_training_data.csv!
2026-04-15 15:18:35,450 | DEBUG | Starting CSV treating...
2026-04-15 15:18:35,450 | DEBUG | First CSV line detected! Checking label number...
2026-04-15 15:18:35,451 | DEBUG | Getting the label 1 out of 2
2026-04-15 15:18:35,451 | DEBUG | Getting the label 2 out of 2
2026-04-15 15:18:35,451 | DEBUG | Starting to fill cat_db...
2026-04-15 15:18:35,451 | DEBUG | Making doc for unagumented phrase
2026-04-15 15:18:35,451 | DEBUG | Putting labels on the row...
2026-04-15 15:18:35,451 | DEBUG | Making doc for agumented phrase
2026-04-15 15:18:35,510 | DEBUG | Putting labels on the row...
2026-04-15 15:18:35,510 | DEBUG | Starting to fill cat_db...
2026-04-15 15:18:35,510 | DEBUG | Making doc for unagumented phrase
2026-04-15 15:18:35,510 | DEBUG | Putting labels on the row...
2026-04-15 15:18:35,510 | DEBUG | Making doc for agumented phrase
2026-04-15 15:18:35,516 | DEBUG | Putting labels on the row...
2026-04-15 15:18:35,516 | DEBUG | Starting to fill cat_db...
2026-04-15 15:18:35,516 | DEBUG | Making doc for unagumented phrase
2026-04-15 15:18:35,517 | DEBUG | Putting labels on the row...
2026-04-15 15:18:35,517 | DEBUG | Making doc for agumented phrase
2026-04-15 15:18:35,518 | DEBUG | Putting labels on the row...
2026-04-15 15:18:35,518 | DEBUG | Starting to fill cat_db...
2026-04-15 15:18:35,518 | DEBUG | Making doc for unagumented phrase
2026-04-15 15:18:35,518 | DEBUG | Putting labels on the row...
2026-04-15 15:18:35,518 | DEBUG | Making doc for agumented phrase
2026-04-15 15:18:35,519 | DEBUG | Putting labels on the row...
2026-04-15 15:18:35,519 | DEBUG | Starting to fill cat_db...
2026-04-15 15:18:35,519 | DEBUG | Making doc for unagumented phrase
2026-04-15 15:18:35,519 | DEBUG | Putting labels on the row...
2026-04-15 15:18:35,519 | DEBUG | Making doc for agumented phrase
2026-04-15 15:18:35,519 | DEBUG | Putting labels on the row...
2026-04-15 15:18:35,519 | DEBUG | Starting to fill cat_db...
2026-04-15 15:18:35,520 | DEBUG | Making doc for unagumented phrase
2026-04-15 15:18:35,520 | DEBUG | Putting labels on the row...
2026-04-15 15:18:35,520 | DEBUG | Making doc for agumented phrase
2026-04-15 15:18:35,520 | DEBUG | Putting labels on the row...
2026-04-15 15:18:35,520 | DEBUG | Starting to fill cat_db...
2026-04-15 15:18:35,520 | DEBUG | Making doc for unagumented phrase
2026-04-15 15:18:35,520 | DEBUG | Putting labels on the row...
2026-04-15 15:18:35,520 | DEBUG | Making doc for agumented phrase
2026-04-15 15:18:35,520 | DEBUG | Putting labels on the row...
2026-04-15 15:18:35,520 | DEBUG | Starting to fill cat_db...
2026-04-15 15:18:35,521 | DEBUG | Making doc for unagumented phrase
2026-04-15 15:18:35,521 | DEBUG | Putting labels on the row...
2026-04-15 15:18:35,521 | DEBUG | Making doc for agumented phrase
2026-04-15 15:18:35,522 | DEBUG | Putting labels on the row...
2026-04-15 15:18:35,522 | DEBUG | Starting to fill cat_db...
2026-04-15 15:18:35,522 | DEBUG | Making doc for unagumented phrase
2026-04-15 15:18:35,522 | DEBUG | Putting labels on the row...
2026-04-15 15:18:35,522 | DEBUG | Making doc for agumented phrase
2026-04-15 15:18:35,522 | DEBUG | Putting labels on the row...
2026-04-15 15:18:35,522 | DEBUG | Starting to fill cat_db...
2026-04-15 15:18:35,523 | DEBUG | Making doc for unagumented phrase
2026-04-15 15:18:35,523 | DEBUG | Putting labels on the row...
2026-04-15 15:18:35,523 | DEBUG | Making doc for agumented phrase
2026-04-15 15:18:35,523 | DEBUG | Putting labels on the row...
2026-04-15 15:18:35,523 | DEBUG | Starting to fill cat_db...
2026-04-15 15:18:35,523 | DEBUG | Making doc for unagumented phrase
2026-04-15 15:18:35,523 | DEBUG | Putting labels on the row...
2026-04-15 15:18:35,523 | DEBUG | Making doc for agumented phrase
2026-04-15 15:18:35,523 | DEBUG | Putting labels on the row...
2026-04-15 15:18:35,523 | DEBUG | Starting to fill cat_db...
2026-04-15 15:18:35,523 | DEBUG | Making doc for unagumented phrase
2026-04-15 15:18:35,523 | DEBUG | Putting labels on the row...
2026-04-15 15:18:35,523 | DEBUG | Making doc for agumented phrase
2026-04-15 15:18:35,523 | DEBUG | Putting labels on the row...
2026-04-15 15:18:35,523 | DEBUG | Starting to fill cat_db...
2026-04-15 15:18:35,523 | DEBUG | Making doc for unagumented phrase
2026-04-15 15:18:35,523 | DEBUG | Putting labels on the row...
2026-04-15 15:18:35,523 | DEBUG | Making doc for agumented phrase
2026-04-15 15:18:35,527 | DEBUG | Putting labels on the row...
2026-04-15 15:18:35,527 | DEBUG | Starting to fill cat_db...
2026-04-15 15:18:35,527 | DEBUG | Making doc for unagumented phrase
2026-04-15 15:18:35,527 | DEBUG | Putting labels on the row...
2026-04-15 15:18:35,527 | DEBUG | Making doc for agumented phrase
2026-04-15 15:18:35,528 | DEBUG | Putting labels on the row...
2026-04-15 15:18:35,528 | DEBUG | Starting to fill cat_db...
2026-04-15 15:18:35,528 | DEBUG | Making doc for unagumented phrase
2026-04-15 15:18:35,528 | DEBUG | Putting labels on the row...
2026-04-15 15:18:35,528 | DEBUG | Making doc for agumented phrase
2026-04-15 15:18:35,528 | DEBUG | Putting labels on the row...
2026-04-15 15:18:35,528 | DEBUG | Starting to fill cat_db...
2026-04-15 15:18:35,529 | DEBUG | Making doc for unagumented phrase
2026-04-15 15:18:35,529 | DEBUG | Putting labels on the row...
2026-04-15 15:18:35,529 | DEBUG | Making doc for agumented phrase
2026-04-15 15:18:35,529 | DEBUG | Putting labels on the row...
2026-04-15 15:18:35,529 | INFO | Data treated! Returning gattered data...
2026-04-15 15:18:35,529 | INFO | Data fed! Starting training...
2026-04-15 15:18:35,530 | DEBUG | No 'get_examples' callback provided to 'Language.initialize', creating dummy examples
2026-04-15 15:18:35,531 | INFO | Created vocabulary
2026-04-15 15:18:35,531 | INFO | Finished initializing nlp object
2026-04-15 15:18:35,542 | DEBUG | Starting training loop
2026-04-15 15:18:35,542 | DEBUG | Making epoch number 0
2026-04-15 15:18:35,542 | DEBUG | Starting secondery loop of the training...
2026-04-15 15:18:35,781 | DEBUG | Executing patience calculations
2026-04-15 15:18:35,781 | INFO | Epoch number 1 | 49 to go.
2026-04-15 15:18:35,781 | DEBUG | Making epoch number 1
2026-04-15 15:18:35,781 | DEBUG | Starting secondery loop of the training...
2026-04-15 15:18:36,008 | DEBUG | Executing patience calculations
2026-04-15 15:18:36,014 | INFO | Epoch number 2 | 48 to go.
2026-04-15 15:18:36,014 | DEBUG | Making epoch number 2
2026-04-15 15:18:36,014 | DEBUG | Starting secondery loop of the training...
2026-04-15 15:18:36,246 | DEBUG | Executing patience calculations
2026-04-15 15:18:36,247 | INFO | Epoch number 3 | 47 to go.
2026-04-15 15:18:36,247 | DEBUG | Making epoch number 3
2026-04-15 15:18:36,247 | DEBUG | Starting secondery loop of the training...
2026-04-15 15:18:36,477 | DEBUG | Executing patience calculations
2026-04-15 15:18:36,477 | INFO | Epoch number 4 | 46 to go.
2026-04-15 15:18:36,478 | DEBUG | Making epoch number 4
2026-04-15 15:18:36,478 | DEBUG | Starting secondery loop of the training...
2026-04-15 15:18:36,711 | DEBUG | Executing patience calculations
2026-04-15 15:18:36,711 | INFO | Epoch number 5 | 45 to go.
2026-04-15 15:18:36,711 | DEBUG | Making epoch number 5
2026-04-15 15:18:36,711 | DEBUG | Starting secondery loop of the training...
2026-04-15 15:18:36,945 | DEBUG | Executing patience calculations
2026-04-15 15:18:36,945 | INFO | Epoch number 6 | 44 to go.
2026-04-15 15:18:36,945 | DEBUG | Making epoch number 6
2026-04-15 15:18:36,945 | DEBUG | Starting secondery loop of the training...
2026-04-15 15:18:37,177 | DEBUG | Executing patience calculations
2026-04-15 15:18:37,177 | INFO | Epoch number 7 | 43 to go.
2026-04-15 15:18:37,177 | DEBUG | Making epoch number 7
2026-04-15 15:18:37,177 | DEBUG | Starting secondery loop of the training...
2026-04-15 15:18:37,406 | DEBUG | Executing patience calculations
2026-04-15 15:18:37,406 | INFO | Epoch number 8 | 42 to go.
2026-04-15 15:18:37,406 | DEBUG | Making epoch number 8
2026-04-15 15:18:37,406 | DEBUG | Starting secondery loop of the training...
2026-04-15 15:18:37,644 | DEBUG | Executing patience calculations
2026-04-15 15:18:37,644 | INFO | Epoch number 9 | 41 to go.
2026-04-15 15:18:37,644 | DEBUG | Making epoch number 9
2026-04-15 15:18:37,644 | DEBUG | Starting secondery loop of the training...
2026-04-15 15:18:37,872 | DEBUG | Executing patience calculations
2026-04-15 15:18:37,874 | INFO | Epoch number 10 | 40 to go.
2026-04-15 15:18:37,874 | DEBUG | Making epoch number 10
2026-04-15 15:18:37,874 | DEBUG | Starting secondery loop of the training...
2026-04-15 15:18:38,107 | DEBUG | Executing patience calculations
2026-04-15 15:18:38,107 | DEBUG | First average detected! Creating last_average
2026-04-15 15:18:38,107 | INFO | Epoch number 11 | 39 to go.
2026-04-15 15:18:38,107 | DEBUG | Making epoch number 11
2026-04-15 15:18:38,109 | DEBUG | Starting secondery loop of the training...
2026-04-15 15:18:38,341 | DEBUG | Executing patience calculations
2026-04-15 15:18:38,341 | INFO | Epoch number 12 | 38 to go.
2026-04-15 15:18:38,341 | DEBUG | Making epoch number 12
2026-04-15 15:18:38,341 | DEBUG | Starting secondery loop of the training...
2026-04-15 15:18:38,573 | DEBUG | Executing patience calculations
2026-04-15 15:18:38,575 | INFO | Epoch number 13 | 37 to go.
2026-04-15 15:18:38,575 | DEBUG | Making epoch number 13
2026-04-15 15:18:38,575 | DEBUG | Starting secondery loop of the training...
2026-04-15 15:18:38,805 | DEBUG | Executing patience calculations
2026-04-15 15:18:38,805 | INFO | Epoch number 14 | 36 to go.
2026-04-15 15:18:38,805 | DEBUG | Making epoch number 14
2026-04-15 15:18:38,805 | DEBUG | Starting secondery loop of the training...
2026-04-15 15:18:39,028 | DEBUG | Executing patience calculations
2026-04-15 15:18:39,028 | INFO | Epoch number 15 | 35 to go.
2026-04-15 15:18:39,028 | DEBUG | Making epoch number 15
2026-04-15 15:18:39,028 | DEBUG | Starting secondery loop of the training...
2026-04-15 15:18:39,260 | DEBUG | Executing patience calculations
2026-04-15 15:18:39,260 | INFO | Epoch number 16 | 34 to go.
2026-04-15 15:18:39,260 | DEBUG | Making epoch number 16
2026-04-15 15:18:39,260 | DEBUG | Starting secondery loop of the training...
2026-04-15 15:18:39,492 | DEBUG | Executing patience calculations
2026-04-15 15:18:39,492 | INFO | Epoch number 17 | 33 to go.
2026-04-15 15:18:39,492 | DEBUG | Making epoch number 17
2026-04-15 15:18:39,492 | DEBUG | Starting secondery loop of the training...
2026-04-15 15:18:39,716 | DEBUG | Executing patience calculations
2026-04-15 15:18:39,716 | INFO | Epoch number 18 | 32 to go.
2026-04-15 15:18:39,716 | DEBUG | Making epoch number 18
2026-04-15 15:18:39,716 | DEBUG | Starting secondery loop of the training...
2026-04-15 15:18:39,938 | DEBUG | Executing patience calculations
2026-04-15 15:18:39,938 | INFO | Epoch number 19 | 31 to go.
2026-04-15 15:18:39,938 | DEBUG | Making epoch number 19
2026-04-15 15:18:39,938 | DEBUG | Starting secondery loop of the training...
2026-04-15 15:18:40,172 | DEBUG | Executing patience calculations
2026-04-15 15:18:40,172 | INFO | Epoch number 20 | 30 to go.
2026-04-15 15:18:40,172 | DEBUG | Making epoch number 20
2026-04-15 15:18:40,172 | DEBUG | Starting secondery loop of the training...
2026-04-15 15:18:40,405 | DEBUG | Executing patience calculations
2026-04-15 15:18:40,405 | INFO | Epoch number 21 | 29 to go.
2026-04-15 15:18:40,405 | DEBUG | Making epoch number 21
2026-04-15 15:18:40,405 | DEBUG | Starting secondery loop of the training...
2026-04-15 15:18:40,637 | DEBUG | Executing patience calculations
2026-04-15 15:18:40,637 | INFO | Epoch number 22 | 28 to go.
2026-04-15 15:18:40,637 | DEBUG | Making epoch number 22
2026-04-15 15:18:40,637 | DEBUG | Starting secondery loop of the training...
2026-04-15 15:18:40,861 | DEBUG | Executing patience calculations
2026-04-15 15:18:40,861 | INFO | Epoch number 23 | 27 to go.
2026-04-15 15:18:40,861 | DEBUG | Making epoch number 23
2026-04-15 15:18:40,861 | DEBUG | Starting secondery loop of the training...
2026-04-15 15:18:41,094 | DEBUG | Executing patience calculations
2026-04-15 15:18:41,094 | INFO | Epoch number 24 | 26 to go.
2026-04-15 15:18:41,094 | DEBUG | Making epoch number 24
2026-04-15 15:18:41,094 | DEBUG | Starting secondery loop of the training...
2026-04-15 15:18:41,323 | DEBUG | Executing patience calculations
2026-04-15 15:18:41,323 | INFO | Epoch number 25 | 25 to go.
2026-04-15 15:18:41,323 | DEBUG | Making epoch number 25
2026-04-15 15:18:41,323 | DEBUG | Starting secondery loop of the training...
2026-04-15 15:18:41,546 | DEBUG | Executing patience calculations
2026-04-15 15:18:41,546 | INFO | Epoch number 26 | 24 to go.
2026-04-15 15:18:41,546 | DEBUG | Making epoch number 26
2026-04-15 15:18:41,546 | DEBUG | Starting secondery loop of the training...
2026-04-15 15:18:41,784 | DEBUG | Executing patience calculations
2026-04-15 15:18:41,784 | INFO | Epoch number 27 | 23 to go.
2026-04-15 15:18:41,784 | DEBUG | Making epoch number 27
2026-04-15 15:18:41,784 | DEBUG | Starting secondery loop of the training...
2026-04-15 15:18:42,011 | DEBUG | Executing patience calculations
2026-04-15 15:18:42,011 | INFO | Epoch number 28 | 22 to go.
2026-04-15 15:18:42,011 | DEBUG | Making epoch number 28
2026-04-15 15:18:42,011 | DEBUG | Starting secondery loop of the training...
2026-04-15 15:18:42,245 | DEBUG | Executing patience calculations
2026-04-15 15:18:42,245 | INFO | Epoch number 29 | 21 to go.
2026-04-15 15:18:42,245 | DEBUG | Making epoch number 29
2026-04-15 15:18:42,245 | DEBUG | Starting secondery loop of the training...
2026-04-15 15:18:42,461 | DEBUG | Executing patience calculations
2026-04-15 15:18:42,477 | INFO | Epoch number 30 | 20 to go.
2026-04-15 15:18:42,477 | DEBUG | Making epoch number 30
2026-04-15 15:18:42,477 | DEBUG | Starting secondery loop of the training...
2026-04-15 15:18:42,706 | DEBUG | Executing patience calculations
2026-04-15 15:18:42,706 | INFO | Epoch number 31 | 19 to go.
2026-04-15 15:18:42,706 | DEBUG | Making epoch number 31
2026-04-15 15:18:42,706 | DEBUG | Starting secondery loop of the training...
2026-04-15 15:18:42,929 | DEBUG | Executing patience calculations
2026-04-15 15:18:42,929 | INFO | Epoch number 32 | 18 to go.
2026-04-15 15:18:42,929 | DEBUG | Making epoch number 32
2026-04-15 15:18:42,929 | DEBUG | Starting secondery loop of the training...
2026-04-15 15:18:43,160 | DEBUG | Executing patience calculations
2026-04-15 15:18:43,160 | INFO | No relevant change. Patience lost 1 point, 9 points left
2026-04-15 15:18:43,160 | INFO | Epoch number 33 | 17 to go.
2026-04-15 15:18:43,160 | DEBUG | Making epoch number 33
2026-04-15 15:18:43,160 | DEBUG | Starting secondery loop of the training...
2026-04-15 15:18:43,388 | DEBUG | Executing patience calculations
2026-04-15 15:18:43,388 | INFO | Epoch number 34 | 16 to go.
2026-04-15 15:18:43,388 | DEBUG | Making epoch number 34
2026-04-15 15:18:43,388 | DEBUG | Starting secondery loop of the training...
2026-04-15 15:18:43,611 | DEBUG | Executing patience calculations
2026-04-15 15:18:43,611 | INFO | Epoch number 35 | 15 to go.
2026-04-15 15:18:43,611 | DEBUG | Making epoch number 35
2026-04-15 15:18:43,611 | DEBUG | Starting secondery loop of the training...
2026-04-15 15:18:43,845 | DEBUG | Executing patience calculations
2026-04-15 15:18:43,845 | INFO | Epoch number 36 | 14 to go.
2026-04-15 15:18:43,845 | DEBUG | Making epoch number 36
2026-04-15 15:18:43,845 | DEBUG | Starting secondery loop of the training...
2026-04-15 15:18:44,075 | DEBUG | Executing patience calculations
2026-04-15 15:18:44,075 | INFO | Epoch number 37 | 13 to go.
2026-04-15 15:18:44,075 | DEBUG | Making epoch number 37
2026-04-15 15:18:44,075 | DEBUG | Starting secondery loop of the training...
2026-04-15 15:18:44,306 | DEBUG | Executing patience calculations
2026-04-15 15:18:44,306 | INFO | Epoch number 38 | 12 to go.
2026-04-15 15:18:44,306 | DEBUG | Making epoch number 38
2026-04-15 15:18:44,306 | DEBUG | Starting secondery loop of the training...
2026-04-15 15:18:44,537 | DEBUG | Executing patience calculations
2026-04-15 15:18:44,537 | INFO | Epoch number 39 | 11 to go.
2026-04-15 15:18:44,537 | DEBUG | Making epoch number 39
2026-04-15 15:18:44,537 | DEBUG | Starting secondery loop of the training...
2026-04-15 15:18:44,772 | DEBUG | Executing patience calculations
2026-04-15 15:18:44,772 | INFO | Epoch number 40 | 10 to go.
2026-04-15 15:18:44,772 | DEBUG | Making epoch number 40
2026-04-15 15:18:44,772 | DEBUG | Starting secondery loop of the training...
2026-04-15 15:18:45,003 | DEBUG | Executing patience calculations
2026-04-15 15:18:45,003 | INFO | Epoch number 41 | 9 to go.
2026-04-15 15:18:45,003 | DEBUG | Making epoch number 41
2026-04-15 15:18:45,003 | DEBUG | Starting secondery loop of the training...
2026-04-15 15:18:45,228 | DEBUG | Executing patience calculations
2026-04-15 15:18:45,228 | INFO | Epoch number 42 | 8 to go.
2026-04-15 15:18:45,228 | DEBUG | Making epoch number 42
2026-04-15 15:18:45,228 | DEBUG | Starting secondery loop of the training...
2026-04-15 15:18:45,460 | DEBUG | Executing patience calculations
2026-04-15 15:18:45,460 | INFO | Epoch number 43 | 7 to go.
2026-04-15 15:18:45,460 | DEBUG | Making epoch number 43
2026-04-15 15:18:45,460 | DEBUG | Starting secondery loop of the training...
2026-04-15 15:18:45,693 | DEBUG | Executing patience calculations
2026-04-15 15:18:45,695 | INFO | No relevant change. Patience lost 1 point, 8 points left
2026-04-15 15:18:45,695 | INFO | Epoch number 44 | 6 to go.
2026-04-15 15:18:45,695 | DEBUG | Making epoch number 44
2026-04-15 15:18:45,695 | DEBUG | Starting secondery loop of the training...
2026-04-15 15:18:45,922 | DEBUG | Executing patience calculations
2026-04-15 15:18:45,922 | INFO | Epoch number 45 | 5 to go.
2026-04-15 15:18:45,922 | DEBUG | Making epoch number 45
2026-04-15 15:18:45,922 | DEBUG | Starting secondery loop of the training...
2026-04-15 15:18:46,146 | DEBUG | Executing patience calculations
2026-04-15 15:18:46,146 | INFO | Epoch number 46 | 4 to go.
2026-04-15 15:18:46,146 | DEBUG | Making epoch number 46
2026-04-15 15:18:46,146 | DEBUG | Starting secondery loop of the training...
2026-04-15 15:18:46,378 | DEBUG | Executing patience calculations
2026-04-15 15:18:46,378 | INFO | Epoch number 47 | 3 to go.
2026-04-15 15:18:46,378 | DEBUG | Making epoch number 47
2026-04-15 15:18:46,378 | DEBUG | Starting secondery loop of the training...
2026-04-15 15:18:46,611 | DEBUG | Executing patience calculations
2026-04-15 15:18:46,611 | INFO | Epoch number 48 | 2 to go.
2026-04-15 15:18:46,611 | DEBUG | Making epoch number 48
2026-04-15 15:18:46,611 | DEBUG | Starting secondery loop of the training...
2026-04-15 15:18:46,837 | DEBUG | Executing patience calculations
2026-04-15 15:18:46,837 | INFO | Epoch number 49 | 1 to go.
2026-04-15 15:18:46,837 | DEBUG | Making epoch number 49
2026-04-15 15:18:46,837 | DEBUG | Starting secondery loop of the training...
2026-04-15 15:18:47,068 | DEBUG | Executing patience calculations
2026-04-15 15:18:47,068 | INFO | Epoch number 50 | 0 to go.
2026-04-15 15:18:47,068 | INFO | Training finished! Returning NLP...
2026-04-15 15:19:45,261 | INFO | Starting data treating... This should not take a lot of time
2026-04-15 15:19:45,261 | INFO | Readed C:\Users\rodrigo.fsilva61\Documents\GitHub\nlp_training\textcat_training_data.csv!
2026-04-15 15:19:45,337 | INFO | Data treated! Returning gattered data...
2026-04-15 15:19:45,337 | INFO | Data fed! Starting training...
2026-04-15 15:19:45,338 | INFO | Created vocabulary
2026-04-15 15:19:45,339 | INFO | Finished initializing nlp object
2026-04-15 15:19:45,577 | INFO | Epoch number 1 | 49 to go.
2026-04-15 15:19:45,795 | INFO | Epoch number 2 | 48 to go.
2026-04-15 15:19:46,023 | INFO | Epoch number 3 | 47 to go.
2026-04-15 15:19:46,254 | INFO | Epoch number 4 | 46 to go.
2026-04-15 15:19:46,479 | INFO | Epoch number 5 | 45 to go.
2026-04-15 15:19:46,705 | INFO | Epoch number 6 | 44 to go.
2026-04-15 15:19:46,935 | INFO | Epoch number 7 | 43 to go.
2026-04-15 15:19:47,161 | INFO | Epoch number 8 | 42 to go.
2026-04-15 15:19:47,392 | INFO | Epoch number 9 | 41 to go.
2026-04-15 15:19:47,621 | INFO | Epoch number 10 | 40 to go.
2026-04-15 15:19:47,844 | INFO | Epoch number 11 | 39 to go.
2026-04-15 15:19:48,077 | INFO | Epoch number 12 | 38 to go.
2026-04-15 15:19:48,295 | INFO | Epoch number 13 | 37 to go.
2026-04-15 15:19:48,523 | INFO | Epoch number 14 | 36 to go.
2026-04-15 15:19:48,738 | INFO | Epoch number 15 | 35 to go.
2026-04-15 15:19:48,961 | INFO | Epoch number 16 | 34 to go.
2026-04-15 15:19:49,188 | INFO | Epoch number 17 | 33 to go.
2026-04-15 15:19:49,406 | INFO | Epoch number 18 | 32 to go.
2026-04-15 15:19:49,631 | INFO | Epoch number 19 | 31 to go.
2026-04-15 15:19:49,856 | INFO | Epoch number 20 | 30 to go.
2026-04-15 15:19:50,080 | INFO | Epoch number 21 | 29 to go.
2026-04-15 15:19:50,306 | INFO | Epoch number 22 | 28 to go.
2026-04-15 15:19:50,526 | INFO | Epoch number 23 | 27 to go.
2026-04-15 15:19:50,763 | INFO | Epoch number 24 | 26 to go.
2026-04-15 15:19:50,988 | INFO | Epoch number 25 | 25 to go.
2026-04-15 15:19:51,214 | INFO | Epoch number 26 | 24 to go.
2026-04-15 15:19:51,428 | INFO | Epoch number 27 | 23 to go.
2026-04-15 15:19:51,654 | INFO | Epoch number 28 | 22 to go.
2026-04-15 15:19:51,877 | INFO | Epoch number 29 | 21 to go.
2026-04-15 15:19:52,095 | INFO | Epoch number 30 | 20 to go.
2026-04-15 15:19:52,323 | INFO | Epoch number 31 | 19 to go.
2026-04-15 15:19:52,547 | INFO | Epoch number 32 | 18 to go.
2026-04-15 15:19:52,766 | INFO | No relevant change. Patience lost 1 point, 9 points left
2026-04-15 15:19:52,766 | INFO | Epoch number 33 | 17 to go.
2026-04-15 15:19:52,995 | INFO | Epoch number 34 | 16 to go.
2026-04-15 15:19:53,211 | INFO | Epoch number 35 | 15 to go.
2026-04-15 15:19:53,438 | INFO | Epoch number 36 | 14 to go.
2026-04-15 15:19:53,662 | INFO | Epoch number 37 | 13 to go.
2026-04-15 15:19:53,887 | INFO | Epoch number 38 | 12 to go.
2026-04-15 15:19:54,110 | INFO | Epoch number 39 | 11 to go.
2026-04-15 15:19:54,343 | INFO | Epoch number 40 | 10 to go.
2026-04-15 15:19:54,568 | INFO | Epoch number 41 | 9 to go.
2026-04-15 15:19:54,788 | INFO | Epoch number 42 | 8 to go.
2026-04-15 15:19:55,011 | INFO | Epoch number 43 | 7 to go.
2026-04-15 15:19:55,240 | INFO | No relevant change. Patience lost 1 point, 8 points left
2026-04-15 15:19:55,240 | INFO | Epoch number 44 | 6 to go.
2026-04-15 15:19:55,466 | INFO | Epoch number 45 | 5 to go.
2026-04-15 15:19:55,695 | INFO | Epoch number 46 | 4 to go.
2026-04-15 15:19:55,910 | INFO | Epoch number 47 | 3 to go.
2026-04-15 15:19:56,147 | INFO | Epoch number 48 | 2 to go.
2026-04-15 15:19:56,381 | INFO | Epoch number 49 | 1 to go.
2026-04-15 15:19:56,611 | INFO | Epoch number 50 | 0 to go.
2026-04-15 15:19:56,611 | INFO | Training finished! Returning NLP...
2026-04-15 15:20:17,188 | INFO | Starting data treating... This should not take a lot of time
2026-04-15 15:20:17,188 | INFO | Readed C:\Users\rodrigo.fsilva61\Documents\GitHub\nlp_training\textcat_training_data.csv!
2026-04-15 15:20:17,266 | INFO | Data treated! Returning gattered data...
2026-04-15 15:20:17,266 | INFO | Data fed! Starting training...
2026-04-15 15:20:17,268 | INFO | Created vocabulary
2026-04-15 15:20:17,268 | INFO | Finished initializing nlp object
2026-04-15 15:20:17,507 | INFO | Epoch number 1 | 49 to go.
2026-04-15 15:20:17,728 | INFO | Epoch number 2 | 48 to go.
2026-04-15 15:20:17,966 | INFO | Epoch number 3 | 47 to go.
2026-04-15 15:20:18,188 | INFO | Epoch number 4 | 46 to go.
2026-04-15 15:20:18,411 | INFO | Epoch number 5 | 45 to go.
2026-04-15 15:20:18,645 | INFO | Epoch number 6 | 44 to go.
2026-04-15 15:20:18,885 | INFO | Epoch number 7 | 43 to go.
2026-04-15 15:20:19,109 | INFO | Epoch number 8 | 42 to go.
2026-04-15 15:20:19,352 | INFO | Epoch number 9 | 41 to go.
2026-04-15 15:20:19,578 | INFO | Epoch number 10 | 40 to go.
2026-04-15 15:20:19,810 | INFO | Epoch number 11 | 39 to go.
2026-04-15 15:20:20,048 | INFO | Epoch number 12 | 38 to go.
2026-04-15 15:20:20,264 | INFO | Epoch number 13 | 37 to go.
2026-04-15 15:20:20,495 | INFO | Epoch number 14 | 36 to go.
2026-04-15 15:20:20,733 | INFO | Epoch number 15 | 35 to go.
2026-04-15 15:20:20,972 | INFO | Epoch number 16 | 34 to go.
2026-04-15 15:20:21,203 | INFO | Epoch number 17 | 33 to go.
2026-04-15 15:20:21,435 | INFO | Epoch number 18 | 32 to go.
2026-04-15 15:20:21,668 | INFO | Epoch number 19 | 31 to go.
2026-04-15 15:20:21,892 | INFO | Epoch number 20 | 30 to go.
2026-04-15 15:20:22,129 | INFO | Epoch number 21 | 29 to go.
2026-04-15 15:20:22,357 | INFO | Epoch number 22 | 28 to go.
2026-04-15 15:20:22,578 | INFO | Epoch number 23 | 27 to go.
2026-04-15 15:20:22,813 | INFO | Epoch number 24 | 26 to go.
2026-04-15 15:20:23,048 | INFO | Epoch number 25 | 25 to go.
2026-04-15 15:20:23,280 | INFO | Epoch number 26 | 24 to go.
2026-04-15 15:20:23,513 | INFO | Epoch number 27 | 23 to go.
2026-04-15 15:20:23,738 | INFO | Epoch number 28 | 22 to go.
2026-04-15 15:20:23,960 | INFO | Epoch number 29 | 21 to go.
2026-04-15 15:20:24,194 | INFO | Epoch number 30 | 20 to go.
2026-04-15 15:20:24,411 | INFO | Epoch number 31 | 19 to go.
2026-04-15 15:20:24,645 | INFO | Epoch number 32 | 18 to go.
2026-04-15 15:20:24,880 | INFO | No relevant change. Patience lost 1 point, 9 points left
2026-04-15 15:20:24,880 | INFO | Epoch number 33 | 17 to go.
2026-04-15 15:20:25,115 | INFO | Epoch number 34 | 16 to go.
2026-04-15 15:20:25,344 | INFO | Epoch number 35 | 15 to go.
2026-04-15 15:20:25,571 | INFO | Epoch number 36 | 14 to go.
2026-04-15 15:20:25,808 | INFO | Epoch number 37 | 13 to go.
2026-04-15 15:20:26,037 | INFO | Epoch number 38 | 12 to go.
2026-04-15 15:20:26,270 | INFO | Epoch number 39 | 11 to go.
2026-04-15 15:20:26,496 | INFO | Epoch number 40 | 10 to go.
2026-04-15 15:20:26,727 | INFO | Epoch number 41 | 9 to go.
2026-04-15 15:20:26,953 | INFO | Epoch number 42 | 8 to go.
2026-04-15 15:20:27,187 | INFO | Epoch number 43 | 7 to go.
2026-04-15 15:20:27,427 | INFO | No relevant change. Patience lost 1 point, 8 points left
2026-04-15 15:20:27,427 | INFO | Epoch number 44 | 6 to go.
2026-04-15 15:20:27,660 | INFO | Epoch number 45 | 5 to go.
2026-04-15 15:20:27,887 | INFO | Epoch number 46 | 4 to go.
2026-04-15 15:20:28,111 | INFO | Epoch number 47 | 3 to go.
2026-04-15 15:20:28,360 | INFO | Epoch number 48 | 2 to go.
2026-04-15 15:20:28,587 | INFO | Epoch number 49 | 1 to go.
2026-04-15 15:20:28,810 | INFO | Epoch number 50 | 0 to go.
2026-04-15 15:20:28,810 | INFO | Training finished! Returning NLP...
2026-04-15 15:21:10,938 | INFO | Starting data treating... This should not take a lot of time
2026-04-15 15:21:10,940 | INFO | Readed C:\Users\rodrigo.fsilva61\Documents\GitHub\nlp_training\textcat_training_data.csv!
2026-04-15 15:21:11,010 | INFO | Data treated! Returning gattered data...
2026-04-15 15:21:11,010 | INFO | Data fed! Starting training...
2026-04-15 15:21:11,016 | INFO | Created vocabulary
2026-04-15 15:21:11,016 | INFO | Finished initializing nlp object
2026-04-15 15:21:11,246 | INFO | Epoch number 1 | 49 to go.
2026-04-15 15:21:11,475 | INFO | Epoch number 2 | 48 to go.
2026-04-15 15:21:11,708 | INFO | Epoch number 3 | 47 to go.
2026-04-15 15:21:11,930 | INFO | Epoch number 4 | 46 to go.
2026-04-15 15:21:12,153 | INFO | Epoch number 5 | 45 to go.
2026-04-15 15:21:12,377 | INFO | Epoch number 6 | 44 to go.
2026-04-15 15:21:12,605 | INFO | Epoch number 7 | 43 to go.
2026-04-15 15:21:12,826 | INFO | Epoch number 8 | 42 to go.
2026-04-15 15:21:13,054 | INFO | Epoch number 9 | 41 to go.
2026-04-15 15:21:13,276 | INFO | Epoch number 10 | 40 to go.
2026-04-15 15:21:13,510 | INFO | Epoch number 11 | 39 to go.
2026-04-15 15:21:13,727 | INFO | Epoch number 12 | 38 to go.
2026-04-15 15:21:13,955 | INFO | Epoch number 13 | 37 to go.
2026-04-15 15:21:14,179 | INFO | Epoch number 14 | 36 to go.
2026-04-15 15:21:14,410 | INFO | Epoch number 15 | 35 to go.
2026-04-15 15:21:14,637 | INFO | Epoch number 16 | 34 to go.
2026-04-15 15:21:14,861 | INFO | Epoch number 17 | 33 to go.
2026-04-15 15:21:15,092 | INFO | Epoch number 18 | 32 to go.
2026-04-15 15:21:15,312 | INFO | Epoch number 19 | 31 to go.
2026-04-15 15:21:15,544 | INFO | Epoch number 20 | 30 to go.
2026-04-15 15:21:15,776 | INFO | Epoch number 21 | 29 to go.
2026-04-15 15:21:16,002 | INFO | Epoch number 22 | 28 to go.
2026-04-15 15:21:16,212 | INFO | Epoch number 23 | 27 to go.
2026-04-15 15:21:16,444 | INFO | Epoch number 24 | 26 to go.
2026-04-15 15:21:16,665 | INFO | Epoch number 25 | 25 to go.
2026-04-15 15:21:16,877 | INFO | Epoch number 26 | 24 to go.
2026-04-15 15:21:17,106 | INFO | Epoch number 27 | 23 to go.
2026-04-15 15:21:17,332 | INFO | Epoch number 28 | 22 to go.
2026-04-15 15:21:17,559 | INFO | Epoch number 29 | 21 to go.
2026-04-15 15:21:17,794 | INFO | Epoch number 30 | 20 to go.
2026-04-15 15:21:18,022 | INFO | Epoch number 31 | 19 to go.
2026-04-15 15:21:18,248 | INFO | Epoch number 32 | 18 to go.
2026-04-15 15:21:18,475 | INFO | No relevant change. Patience lost 1 point, 9 points left
2026-04-15 15:21:18,475 | INFO | Epoch number 33 | 17 to go.
2026-04-15 15:21:18,702 | INFO | Epoch number 34 | 16 to go.
2026-04-15 15:21:18,926 | INFO | Epoch number 35 | 15 to go.
2026-04-15 15:21:19,153 | INFO | Epoch number 36 | 14 to go.
2026-04-15 15:21:19,377 | INFO | Epoch number 37 | 13 to go.
2026-04-15 15:21:19,605 | INFO | Epoch number 38 | 12 to go.
2026-04-15 15:21:19,833 | INFO | Epoch number 39 | 11 to go.
2026-04-15 15:21:20,072 | INFO | Epoch number 40 | 10 to go.
2026-04-15 15:21:20,301 | INFO | Epoch number 41 | 9 to go.
2026-04-15 15:21:20,531 | INFO | Epoch number 42 | 8 to go.
2026-04-15 15:21:20,755 | INFO | Epoch number 43 | 7 to go.
2026-04-15 15:21:20,991 | INFO | No relevant change. Patience lost 1 point, 8 points left
2026-04-15 15:21:20,991 | INFO | Epoch number 44 | 6 to go.
2026-04-15 15:21:21,212 | INFO | Epoch number 45 | 5 to go.
2026-04-15 15:21:21,440 | INFO | Epoch number 46 | 4 to go.
2026-04-15 15:21:21,663 | INFO | Epoch number 47 | 3 to go.
2026-04-15 15:21:21,898 | INFO | Epoch number 48 | 2 to go.
2026-04-15 15:21:22,127 | INFO | Epoch number 49 | 1 to go.
2026-04-15 15:21:22,344 | INFO | Epoch number 50 | 0 to go.
2026-04-15 15:21:22,344 | INFO | Training finished! Returning NLP...
2026-04-15 15:24:07,885 | INFO | Starting data treating... This should not take a lot of time
2026-04-15 15:24:07,888 | INFO | Readed C:\Users\rodrigo.fsilva61\Documents\GitHub\nlp_training\textcat_training_data.csv!
2026-04-15 15:24:07,957 | INFO | Data treated! Returning gattered data...
2026-04-15 15:24:07,958 | INFO | Data fed! Starting training...
2026-04-15 15:24:07,959 | INFO | Created vocabulary
2026-04-15 15:24:07,960 | INFO | Finished initializing nlp object
2026-04-15 15:24:08,208 | INFO | Epoch number 1 | 49 to go.
2026-04-15 15:24:08,449 | INFO | Epoch number 2 | 48 to go.
2026-04-15 15:24:08,677 | INFO | Epoch number 3 | 47 to go.
2026-04-15 15:24:08,912 | INFO | Epoch number 4 | 46 to go.
2026-04-15 15:24:09,143 | INFO | Epoch number 5 | 45 to go.
2026-04-15 15:24:09,370 | INFO | Epoch number 6 | 44 to go.
2026-04-15 15:24:09,606 | INFO | Epoch number 7 | 43 to go.
2026-04-15 15:24:09,834 | INFO | Epoch number 8 | 42 to go.
2026-04-15 15:24:10,066 | INFO | Epoch number 9 | 41 to go.
2026-04-15 15:24:10,294 | INFO | Epoch number 10 | 40 to go.
2026-04-15 15:24:10,515 | INFO | Epoch number 11 | 39 to go.
2026-04-15 15:24:10,745 | INFO | Epoch number 12 | 38 to go.
2026-04-15 15:24:10,972 | INFO | Epoch number 13 | 37 to go.
2026-04-15 15:24:11,201 | INFO | Epoch number 14 | 36 to go.
2026-04-15 15:24:11,428 | INFO | Epoch number 15 | 35 to go.
2026-04-15 15:24:11,657 | INFO | Epoch number 16 | 34 to go.
2026-04-15 15:24:11,878 | INFO | Epoch number 17 | 33 to go.
2026-04-15 15:24:12,100 | INFO | Epoch number 18 | 32 to go.
2026-04-15 15:24:12,329 | INFO | Epoch number 19 | 31 to go.
2026-04-15 15:24:12,565 | INFO | Epoch number 20 | 30 to go.
2026-04-15 15:24:12,794 | INFO | Epoch number 21 | 29 to go.
2026-04-15 15:24:13,012 | INFO | Epoch number 22 | 28 to go.
2026-04-15 15:24:13,244 | INFO | Epoch number 23 | 27 to go.
2026-04-15 15:24:13,478 | INFO | Epoch number 24 | 26 to go.
2026-04-15 15:24:13,698 | INFO | Epoch number 25 | 25 to go.
2026-04-15 15:24:13,928 | INFO | Epoch number 26 | 24 to go.
2026-04-15 15:24:14,155 | INFO | Epoch number 27 | 23 to go.
2026-04-15 15:24:14,377 | INFO | Epoch number 28 | 22 to go.
2026-04-15 15:24:14,611 | INFO | Epoch number 29 | 21 to go.
2026-04-15 15:24:14,844 | INFO | Epoch number 30 | 20 to go.
2026-04-15 15:24:15,074 | INFO | Epoch number 31 | 19 to go.
2026-04-15 15:24:15,300 | INFO | Epoch number 32 | 18 to go.
2026-04-15 15:24:15,532 | INFO | No relevant change. Patience lost 1 point, 9 points left
2026-04-15 15:24:15,532 | INFO | Epoch number 33 | 17 to go.
2026-04-15 15:24:15,786 | INFO | Epoch number 34 | 16 to go.
2026-04-15 15:24:16,026 | INFO | Epoch number 35 | 15 to go.
2026-04-15 15:24:16,264 | INFO | Epoch number 36 | 14 to go.
2026-04-15 15:24:16,488 | INFO | Epoch number 37 | 13 to go.
2026-04-15 15:24:16,734 | INFO | Epoch number 38 | 12 to go.
2026-04-15 15:24:16,968 | INFO | Epoch number 39 | 11 to go.
2026-04-15 15:24:17,203 | INFO | Epoch number 40 | 10 to go.
2026-04-15 15:24:17,438 | INFO | Epoch number 41 | 9 to go.
2026-04-15 15:24:17,680 | INFO | Epoch number 42 | 8 to go.
2026-04-15 15:24:17,910 | INFO | Epoch number 43 | 7 to go.
2026-04-15 15:24:18,143 | INFO | No relevant change. Patience lost 1 point, 8 points left
2026-04-15 15:24:18,143 | INFO | Epoch number 44 | 6 to go.
2026-04-15 15:24:18,390 | INFO | Epoch number 45 | 5 to go.
2026-04-15 15:24:18,638 | INFO | Epoch number 46 | 4 to go.
2026-04-15 15:24:18,881 | INFO | Epoch number 47 | 3 to go.
2026-04-15 15:24:19,138 | INFO | Epoch number 48 | 2 to go.
2026-04-15 15:24:19,375 | INFO | Epoch number 49 | 1 to go.
2026-04-15 15:24:19,603 | INFO | Epoch number 50 | 0 to go.
2026-04-15 15:24:19,603 | INFO | Training finished! Returning NLP...
2026-04-15 15:24:19,603 | INFO | Training was a success! Testing it and showing results...
